// Jest Snapshot v1, https://goo.gl/fbAQLP

exports[`AComponent should match snapshot 1`] = `
<a
  rel="noopener noreferrer"
  target="_blank"
/>
`;
